2025-06-08T10:28:51.841 694a7e6c ["-f", "LangDerivedGenerator{STLC}(Main.Expr.t,Pair{Type,Integer}[Main.Expr.t=>5,Main.Typ.t=>2],0,3,true)", "Pair{MLELossConfig{STLC},Float64}[MLELossConfig{STLC}(depth,Linear())=>0.1]", "1000", "0.0"]
== Config ==
TAG: v133_artifact
LangDerivedGenerator{STLC}(Main.Expr.t, Pair{Type, Integer}[Main.Expr.t => 5, Main.Typ.t => 2], 0, 3, true)
Pair{MLELossConfig{STLC}, Float64}[MLELossConfig{STLC}(depth, Linear()) => 0.1]
Epochs: 1000
Bound: 0.0
SEED: 0
ARGS: -f LangDerivedGenerator{STLC}(Main.Expr.t,Pair{Type,Integer}[Main.Expr.t=>5,Main.Typ.t=>2],0,3,true) Pair{MLELossConfig{STLC},Float64}[MLELossConfig{STLC}(depth,Linear())=>0.1] 1000 0.0

Building generation computation graph...
  7.715071346 seconds

Building computation graph for MLELossConfig{STLC}(depth, Linear())...
  2.181688318 seconds

ADNodes of interest (initial):
Dict("Frequency2_TFun%%2" => 0.5, "Frequency4_Var%%2" => 0.5, "Frequency2_TBool%%1" => 0.5, "Frequency4_Var%%3" => 0.5, "Frequency3_Bool%%0" => 0.5, "Frequency4_App%%4" => 0.5, "Frequency4_Bool%%3" => 0.5, "Frequency4_Var%%1" => 0.5, "Frequency3_Var%%0" => 0.5, "Frequency4_App%%2" => 0.5, "Frequency4_App%%3" => 0.5, "Frequency4_Abs%%3" => 0.5, "Frequency4_Var%%5" => 0.5, "Frequency4_Bool%%1" => 0.5, "Frequency4_Abs%%2" => 0.5, "Frequency4_Bool%%4" => 0.5, "Frequency4_Abs%%1" => 0.5, "Frequency4_Var%%4" => 0.5, "Frequency4_Bool%%2" => 0.5, "Frequency4_Bool%%5" => 0.5, "Frequency2_TFun%%1" => 0.5, "Frequency4_App%%5" => 0.5, "Frequency4_Abs%%4" => 0.5, "Frequency2_TBool%%2" => 0.5, "Frequency1_TBool%%0" => 0.5, "Frequency4_App%%1" => 0.5, "Frequency4_Abs%%5" => 0.5)

Parameter values (initial):
Dict{Var, Union{Real, AbstractMatrix{<:Real}}}(Var("Frequency4_App%%1_before_sigmoid") => 0, Var("Frequency4_Bool%%4_before_sigmoid") => 0, Var("Frequency2_TFun%%1_before_sigmoid") => 0, Var("Frequency4_Bool%%1_before_sigmoid") => 0, Var("Frequency4_App%%4_before_sigmoid") => 0, Var("Frequency4_Var%%5_before_sigmoid") => 0, Var("Frequency4_Var%%4_before_sigmoid") => 0, Var("Frequency2_TFun%%2_before_sigmoid") => 0, Var("Frequency4_Abs%%4_before_sigmoid") => 0, Var("Frequency4_Var%%2_before_sigmoid") => 0, Var("Frequency4_Bool%%2_before_sigmoid") => 0, Var("Frequency4_Abs%%1_before_sigmoid") => 0, Var("Frequency4_Var%%1_before_sigmoid") => 0, Var("Frequency4_Abs%%3_before_sigmoid") => 0, Var("Frequency3_Var%%0_before_sigmoid") => 0, Var("Frequency4_Abs%%5_before_sigmoid") => 0, Var("Frequency4_App%%3_before_sigmoid") => 0, Var("Frequency2_TBool%%1_before_sigmoid") => 0, Var("Frequency4_App%%5_before_sigmoid") => 0, Var("Frequency4_App%%2_before_sigmoid") => 0, Var("Frequency2_TBool%%2_before_sigmoid") => 0, Var("Frequency1_TBool%%0_before_sigmoid") => 0, Var("Frequency3_Bool%%0_before_sigmoid") => 0, Var("Frequency4_Bool%%3_before_sigmoid") => 0, Var("Frequency4_Var%%3_before_sigmoid") => 0, Var("Frequency4_Bool%%5_before_sigmoid") => 0, Var("Frequency4_Abs%%2_before_sigmoid") => 0)

Saved Coq generator to /scratch/tjoa/Alea.jl/experiments/../tuning-output/v133_artifact/stlc/langderived/root_ty=Main.Expr.t/ty-sizes=Main.Expr.t-5-Main.Typ.t-2/stack_size=0/intwidth=3/arbitrary_prims=true/mle/depth/linear/0.1/epochs=1000/bound=0.0/initial_Generator.v

Saving initial distribution...
  0.101253491 seconds
Saved metric dist to /scratch/tjoa/Alea.jl/experiments/../tuning-output/v133_artifact/stlc/langderived/root_ty=Main.Expr.t/ty-sizes=Main.Expr.t-5-Main.Typ.t-2/stack_size=0/intwidth=3/arbitrary_prims=true/mle/depth/linear/0.1/epochs=1000/bound=0.0/loss1_dist_depth_initial.csv


ADNodes of interest (trained):
Dict("Frequency2_TFun%%2" => 0.5, "Frequency4_Var%%2" => 0.5072891267055463, "Frequency2_TBool%%1" => 0.5, "Frequency4_Var%%3" => 0.31745701260588144, "Frequency3_Bool%%0" => 0.5, "Frequency4_App%%4" => 0.7838688301922777, "Frequency4_Bool%%3" => 0.3174570126058814, "Frequency4_Var%%1" => 0.6401723127330095, "Frequency3_Var%%0" => 0.5, "Frequency4_App%%2" => 0.41004640941241405, "Frequency4_App%%3" => 0.622775519438018, "Frequency4_Abs%%3" => 0.651246239313673, "Frequency4_Var%%5" => 0.0011457340051588306, "Frequency4_Bool%%1" => 0.6401723127330083, "Frequency4_Abs%%2" => 0.5644381680959223, "Frequency4_Bool%%4" => 0.10502046303155044, "Frequency4_Abs%%1" => 0.3115117610079838, "Frequency4_Var%%4" => 0.1050204630315501, "Frequency4_Bool%%2" => 0.5072891267055469, "Frequency4_Bool%%5" => 0.0011457340051588306, "Frequency2_TFun%%1" => 0.5, "Frequency4_App%%5" => 0.9053118036616674, "Frequency4_Abs%%4" => 0.7080715508190523, "Frequency2_TBool%%2" => 0.5, "Frequency1_TBool%%0" => 0.5, "Frequency4_App%%1" => 0.3115117610079838, "Frequency4_Abs%%5" => 0.8210156269817573)

Parameter values (trained):
Dict{Var, Union{Real, AbstractMatrix{<:Real}}}(Var("Frequency4_App%%1_before_sigmoid") => -0.7930611423891009, Var("Frequency4_Bool%%4_before_sigmoid") => -2.1426456371065967, Var("Frequency2_TFun%%1_before_sigmoid") => 0, Var("Frequency4_Bool%%1_before_sigmoid") => 0.5761121083790395, Var("Frequency4_App%%4_before_sigmoid") => 1.2883562069244374, Var("Frequency4_Var%%5_before_sigmoid") => -6.770563403961747, Var("Frequency4_Var%%4_before_sigmoid") => -2.1426456371066003, Var("Frequency2_TFun%%2_before_sigmoid") => 0, Var("Frequency4_Abs%%4_before_sigmoid") => 0.8860364138760913, Var("Frequency4_Var%%2_before_sigmoid") => 0.029158572585737515, Var("Frequency4_Bool%%2_before_sigmoid") => 0.029158572585740304, Var("Frequency4_Abs%%1_before_sigmoid") => -0.7930611423891009, Var("Frequency4_Var%%1_before_sigmoid") => 0.5761121083790443, Var("Frequency4_Abs%%3_before_sigmoid") => 0.6245217020771611, Var("Frequency3_Var%%0_before_sigmoid") => 0, Var("Frequency4_Abs%%5_before_sigmoid") => 1.5232436428981255, Var("Frequency4_App%%3_before_sigmoid") => 0.5013456825256573, Var("Frequency2_TBool%%1_before_sigmoid") => 0, Var("Frequency4_App%%5_before_sigmoid") => 2.257690069049504, Var("Frequency4_App%%2_before_sigmoid") => -0.3637735268036167, Var("Frequency2_TBool%%2_before_sigmoid") => 0, Var("Frequency1_TBool%%0_before_sigmoid") => 0, Var("Frequency3_Bool%%0_before_sigmoid") => 0, Var("Frequency4_Bool%%3_before_sigmoid") => -0.7654830944695443, Var("Frequency4_Var%%3_before_sigmoid") => -0.7654830944695441, Var("Frequency4_Bool%%5_before_sigmoid") => -6.770563403961747, Var("Frequency4_Abs%%2_before_sigmoid") => 0.2591940783310696)

Saved Coq generator to /scratch/tjoa/Alea.jl/experiments/../tuning-output/v133_artifact/stlc/langderived/root_ty=Main.Expr.t/ty-sizes=Main.Expr.t-5-Main.Typ.t-2/stack_size=0/intwidth=3/arbitrary_prims=true/mle/depth/linear/0.1/epochs=1000/bound=0.0/trained_Generator.v

Saving trained distribution...
  0.07143425 seconds
Saved metric dist to /scratch/tjoa/Alea.jl/experiments/../tuning-output/v133_artifact/stlc/langderived/root_ty=Main.Expr.t/ty-sizes=Main.Expr.t-5-Main.Typ.t-2/stack_size=0/intwidth=3/arbitrary_prims=true/mle/depth/linear/0.1/epochs=1000/bound=0.0/loss1_dist_depth_trained.csv


2025-06-08T10:29:53.975
Total time elapsed: 1 minute, 2 seconds, 134 milliseconds
